nohup: ignoring input
[02:08:29] =================================================================
[02:08:29] Classificação ENEM — Dataset Completo | Limiares 500/730
[02:08:29] =================================================================
[02:08:29] M1=28  M2=37  M3=39 features
[02:08:29] Carregando val e test (só colunas necessárias)...
[02:08:30] Carregando treino completo (sem amostragem, só colunas necessárias)...
[02:08:39] Treino: 13,398,916 linhas  (9s)
[02:08:39] Val: 1,488,771  |  Teste: 1,654,191 (SELADO)
[02:08:39] Distribuição treino:
[02:08:39]   Baixo: 46.8%
[02:08:39]   Medio: 47.5%
[02:08:39]   Alto: 5.7%
[02:08:39] Extraindo arrays float32...
[02:08:41] df_train removido. RAM X_tr_M3: 2.09 GB
[02:08:42]   M1: treino=(13398916, 28)  val=(1488771, 28)  NaN=4.1%
[02:08:43]   M2: treino=(13398916, 37)  val=(1488771, 37)  NaN=20.5%
[02:08:43]   M3: treino=(13398916, 39)  val=(1488771, 39)  NaN=23.2%
[02:08:43] Subset AG: treino=50,000  val=15,000
[02:08:43] === AG — LR ===
[02:09:49]   [LR] Gen  0  best=0.4181  mean=0.4167
[02:11:06]   [LR] Gen  1  best=0.4181  mean=0.4175
[02:11:47]   [LR] Gen  2  best=0.4181  mean=0.4175
[02:12:15]   [LR] Gen  3  best=0.4181  mean=0.4177
[02:12:43]   [LR] Gen  4  best=0.4181  mean=0.4176
[02:13:00]   [LR] Gen  5  best=0.4183  mean=0.4181
[02:13:17]   [LR] Gen  6  best=0.4183  mean=0.4181
[02:13:35]   [LR] Gen  7  best=0.4183  mean=0.4179
[02:13:52]   [LR] Gen  8  best=0.4183  mean=0.4181
[02:14:10]   [LR] Gen  9  best=0.4183  mean=0.4183
[02:14:27]   [LR] Gen 10  best=0.4184  mean=0.4181
[02:14:47]   [LR] Gen 11  best=0.4184  mean=0.4180
[02:15:04]   [LR] Gen 12  best=0.4184  mean=0.4181
[02:15:21]   [LR] Gen 13  best=0.4184  mean=0.4184
[02:15:38]   [LR] Gen 14  best=0.4184  mean=0.4182
[02:15:55]   [LR] Gen 15  best=0.4184  mean=0.4182
[02:15:55] LR: C=0.0073  balanced=False  (7.2 min)
[02:15:55] === AG — SVM ===
[02:16:06]   [SVM] Gen  0  best=0.4812  mean=0.4407
[02:16:16]   [SVM] Gen  1  best=0.4812  mean=0.4710
[02:16:26]   [SVM] Gen  2  best=0.4812  mean=0.4677
[02:16:37]   [SVM] Gen  3  best=0.4812  mean=0.4711
[02:16:47]   [SVM] Gen  4  best=0.4812  mean=0.4677
[02:16:57]   [SVM] Gen  5  best=0.4814  mean=0.4812
[02:17:08]   [SVM] Gen  6  best=0.4820  mean=0.4813
[02:17:18]   [SVM] Gen  7  best=0.4820  mean=0.4746
[02:17:29]   [SVM] Gen  8  best=0.4820  mean=0.4782
[02:17:39]   [SVM] Gen  9  best=0.4820  mean=0.4817
[02:17:49]   [SVM] Gen 10  best=0.4820  mean=0.4785
[02:18:00]   [SVM] Gen 11  best=0.4820  mean=0.4751
[02:18:10]   [SVM] Gen 12  best=0.4820  mean=0.4786
[02:18:20]   [SVM] Gen 13  best=0.4820  mean=0.4820
[02:18:31]   [SVM] Gen 14  best=0.4820  mean=0.4820
[02:18:41]   [SVM] Gen 15  best=0.4820  mean=0.4820
[02:18:41] SVM: C=0.0010  balanced=True  (2.8 min)
[02:18:41] === AG — LGB ===
[02:19:05]   [LGB] Gen  0  best=0.4493  mean=0.4442
[02:19:27]   [LGB] Gen  1  best=0.4537  mean=0.4469
[02:19:44]   [LGB] Gen  2  best=0.4537  mean=0.4490
[02:19:59]   [LGB] Gen  3  best=0.4537  mean=0.4517
[02:20:13]   [LGB] Gen  4  best=0.4537  mean=0.4525
[02:20:29]   [LGB] Gen  5  best=0.4537  mean=0.4524
[02:20:44]   [LGB] Gen  6  best=0.4537  mean=0.4534
[02:20:58]   [LGB] Gen  7  best=0.4537  mean=0.4529
[02:21:13]   [LGB] Gen  8  best=0.4537  mean=0.4528
[02:21:28]   [LGB] Gen  9  best=0.4537  mean=0.4512
[02:21:43]   [LGB] Gen 10  best=0.4537  mean=0.4531
[02:21:43] LGB: lr=0.2122  num_leaves=22  (3.0 min)
[02:21:43] === AG — HGB ===
[02:21:53]   [HGB] Gen  0  best=0.4489  mean=0.4412
[02:22:03]   [HGB] Gen  1  best=0.4489  mean=0.4454
[02:22:11]   [HGB] Gen  2  best=0.4489  mean=0.4463
[02:22:20]   [HGB] Gen  3  best=0.4490  mean=0.4453
[02:22:30]   [HGB] Gen  4  best=0.4490  mean=0.4456
[02:22:40]   [HGB] Gen  5  best=0.4490  mean=0.4470
[02:22:48]   [HGB] Gen  6  best=0.4490  mean=0.4487
[02:22:58]   [HGB] Gen  7  best=0.4490  mean=0.4475
[02:23:07]   [HGB] Gen  8  best=0.4490  mean=0.4467
[02:23:16]   [HGB] Gen  9  best=0.4490  mean=0.4462
[02:23:25]   [HGB] Gen 10  best=0.4490  mean=0.4483
[02:23:25] HGB: lr=0.2646  max_depth=4  (1.7 min)
[02:23:26] Salvo: ag_convergencia_full.png
[02:23:26] =================================================================
[02:23:26] Variante M1 | treino: 13,398,916 | 28 features
[02:23:26] =================================================================
[02:23:26]   LogisticRegression...
[03:49:23]     acc=0.6052  F1m=0.4177  F1w=0.5878  5149s
[03:49:23]   DecisionTree...
[03:51:25]     acc=0.6133  F1m=0.4305  F1w=0.5968  113s
[03:51:25]   RandomForest...
[03:53:59]     acc=0.6165  F1m=0.4260  F1w=0.5989  142s
[03:53:59]   HistGradientBoosting...
[04:00:56]     acc=0.6215  F1m=0.4424  F1w=0.6055  396s
[04:00:56]   SVM (LinearSVC)...
[04:03:53]     acc=0.5836  F1m=0.4810  F1w=0.5823  167s
[04:03:53]   LightGBM...
[04:08:49]     acc=0.6216  F1m=0.4432  F1w=0.6058  277s
[04:08:49]   Ensemble SVM+LGB Hard...
[04:16:10]     acc=0.5915  F1m=0.4847  F1w=0.5860  418s
[04:16:10]   Ensemble SVM+LGB Soft...
[04:22:12]     acc=0.6183  F1m=0.4521  F1w=0.6037  343s
[04:22:12]   Ensemble Full Soft...
[04:37:15]     acc=0.6201  F1m=0.4379  F1w=0.6035  868s
[04:37:15] Top-2: ['SVM (LinearSVC)', 'LightGBM']
[04:37:16]   Checkpoint salvo: ckpt_M1.pkl
[04:37:16] =================================================================
[04:37:16] Variante M2 | treino: 13,398,916 | 37 features
[04:37:16] =================================================================
[04:37:16]   LogisticRegression...
[05:36:35]     acc=0.6059  F1m=0.4192  F1w=0.5887  3549s
[05:36:35]   DecisionTree...
[05:39:08]     acc=0.6151  F1m=0.4327  F1w=0.5983  144s
[05:39:08]   RandomForest...
[05:42:02]     acc=0.6181  F1m=0.4272  F1w=0.6003  162s
[05:42:02]   HistGradientBoosting...
[05:49:35]     acc=0.6239  F1m=0.4480  F1w=0.6082  432s
[05:49:35]   SVM (LinearSVC)...
[06:00:06]     acc=0.5832  F1m=0.4824  F1w=0.5824  619s
[06:00:06]   LightGBM...
[06:05:55]     acc=0.6243  F1m=0.4491  F1w=0.6086  329s
[06:05:55]   Ensemble SVM+LGB Hard...
[06:20:20]     acc=0.5916  F1m=0.4860  F1w=0.5857  837s
[06:20:20]   Ensemble SVM+LGB Soft...
[06:26:56]     acc=0.6203  F1m=0.4559  F1w=0.6059  377s
[06:26:56]   Ensemble Full Soft...
[06:43:44]     acc=0.6227  F1m=0.4421  F1w=0.6062  971s
[06:43:44]   Ensemble Top-2 Soft...
[06:50:21]     acc=0.6203  F1m=0.4559  F1w=0.6059  377s
[06:50:22]   Checkpoint salvo: ckpt_M2.pkl
[06:50:22] =================================================================
[06:50:22] Variante M3 | treino: 13,398,916 | 39 features
[06:50:22] =================================================================
[06:50:22]   LogisticRegression...
[07:08:41]     acc=0.6061  F1m=0.4196  F1w=0.5889  1090s
[07:08:41]   DecisionTree...
[07:11:29]     acc=0.6151  F1m=0.4325  F1w=0.5982  157s
[07:11:29]   RandomForest...
[07:14:28]     acc=0.6180  F1m=0.4276  F1w=0.6002  167s
[07:14:28]   HistGradientBoosting...
[07:23:03]     acc=0.6240  F1m=0.4474  F1w=0.6081  494s
[07:23:03]   SVM (LinearSVC)...
[07:33:16]     acc=0.5834  F1m=0.4824  F1w=0.5825  599s
[07:33:16]   LightGBM...
[07:38:59]     acc=0.6243  F1m=0.4487  F1w=0.6086  324s
[07:38:59]   Ensemble SVM+LGB Hard...
[07:54:17]     acc=0.5917  F1m=0.4859  F1w=0.5856  890s
[07:54:17]   Ensemble SVM+LGB Soft...
[08:01:05]     acc=0.6201  F1m=0.4559  F1w=0.6057  388s
[08:01:05]   Ensemble Full Soft...
[08:18:18]     acc=0.6227  F1m=0.4421  F1w=0.6062  995s
[08:18:18]   Ensemble Top-2 Soft...
[08:25:15]     acc=0.6201  F1m=0.4559  F1w=0.6057  395s
[08:25:16]   Checkpoint salvo: ckpt_M3.pkl
[08:25:17] Salvo: resultados_full.csv
[08:25:17] 
=== PIVOT F1 Macro (Validação) ===
Variante                   M1      M2      M3
Modelo                                       
DecisionTree           0.4305  0.4327  0.4325
Ensemble Full Soft     0.4379  0.4421  0.4421
Ensemble SVM+LGB Hard  0.4847  0.4860  0.4859
Ensemble SVM+LGB Soft  0.4521  0.4559  0.4559
Ensemble Top-2 Soft       NaN  0.4559  0.4559
HistGradientBoosting   0.4424  0.4480  0.4474
LightGBM               0.4432  0.4491  0.4487
LogisticRegression     0.4177  0.4192  0.4196
RandomForest           0.4260  0.4272  0.4276
SVM (LinearSVC)        0.4810  0.4824  0.4824
[08:25:19] Salvo: classificacao_resultados_full.png
[08:25:19] 
Melhor: Ensemble SVM+LGB Hard (M2)  F1m=0.4860
[08:25:25] 
              precision    recall  f1-score   support

       Baixo       0.61      0.75      0.67    696506
       Medio       0.62      0.48      0.54    707105
        Alto       0.23      0.26      0.24     85160

    accuracy                           0.59   1488771
   macro avg       0.49      0.49      0.49   1488771
weighted avg       0.59      0.59      0.59   1488771

[08:25:27] Salvo: confusion_matrix_full_best.png
[08:26:31] Salvo: confusion_matrices_full_todos.png
[08:26:53] Salvo: confusion_matrix_full_m1m2m3.png
[08:26:53] Salvo: feature_importances_full.png
[08:26:53] 
Acurácia por região:
              Acurácia       N
REGIAO_NUM                    
Norte           0.6510  162381
Nordeste        0.6019  537742
Centro-Oeste    0.5793  122537
Sudeste         0.5696  504372
Sul             0.5760  161739
[08:26:53] 
=================================================================
[08:26:53] CONCLUÍDO.
[08:26:53] =================================================================
